00000001 a _bogus
000d0000 ? _car_data_start
000d0000 ? car_migrated
000d0004 ? qemu_debugcon_detected
000d0008 ? cbmem_console_p
000d000c ? _car_data_end
000d000c ? _preram_cbmem_console
000d0c0c ? _epreram_cbmem_console
ffe003d4 a ROMSTAGE_BASE
ffe003d4 t gdt
ffe003d4 T gdtptr
ffe003d4 T _rom
ffe003ec t gdt_end
ffe003ec T protected_start
ffe003fb t __protected_start
ffe00411 t __fpu_start
ffe00420 t cache_as_ram
ffe00444 t before_romstage
ffe00451 t __main
ffe0046c T __udivdi3
ffe00590 T __umoddi3
ffe006f9 T cbmem_top
ffe0071d T main
ffe00775 T arch_prog_run
ffe00781 T cbmem_run_init_hooks
ffe00786 T copy_and_run
ffe0078b T memcpy
ffe007b0 T memmove
ffe00935 T memset
ffe0097a t x86_rom_open
ffe0097d t x86_rom_map
ffe0098f t x86_rom_unmap
ffe00992 t x86_rom_close
ffe00995 t x86_rom_read
ffe009c2 T init_x86rom_cbfs_media
ffe00a3a T init_default_cbfs_media
ffe00a3f T console_hw_init
ffe00a5a T console_tx_byte
ffe00a9d T console_tx_flush
ffe00aab T die
ffe00ac3 T console_log_level
ffe00ace T console_init
ffe00afc W mainboard_post
ffe00afd T post_code
ffe00b0f t wrap_putchar
ffe00b1d T do_printk
ffe00b57 t number
ffe00e38 T vtxprintf
ffe0127b T car_get_var_ptr
ffe012df T car_sync_var_ptr
ffe01313 T car_migrate_variables
ffe01382 T qemu_debugcon_init
ffe013c9 T qemu_debugcon_tx_byte
ffe013f4 T uart_init
ffe0145c T uart_tx_byte
ffe0148e T uart_tx_flush
ffe014b3 T default_baudrate
ffe014b9 T uart_baudrate_divisor
ffe014d0 T cbfs_load_prog_stage_by_offset
ffe01613 T cbfs_load_prog_stage
ffe0166d T cbfs_get_header
ffe0171d T init_backing_media
ffe0175b T cbfs_locate_file
ffe018f9 T cbfs_read
ffe0194d T cbfs_decompress
ffe019b4 t init_console_ptr
ffe01b29 T cbmemc_reinit
ffe01b61 T cbmemc_init
ffe01b7b T cbmemc_tx_byte
ffe01bac T __wrap___udivdi3
ffe01bb1 T __wrap___umoddi3
ffe01bb6 T halt
ffe01bb9 t imdr_recover
ffe01c68 t imdr_entry_find
ffe01c9e t imdr_create_empty
ffe01d88 t imd_entry_to_imdr
ffe01dca t imdr_entry_add
ffe01e3f T imd_handle_init
ffe01e65 T imd_handle_init_partial_recovery
ffe01eb5 T imd_create_tiered_empty
ffe01f62 T imd_recover
ffe01fc0 T imd_lockdown
ffe01fe0 T imd_entry_add
ffe0203d T imd_entry_find
ffe02063 T imd_entry_find_or_add
ffe02097 T imd_entry_at
ffe020b7 t imd_init_backing_with_recover
ffe020da T cbmem_add
ffe02117 T cbmem_initialize_empty_id_size
ffe0219c T cbmem_initialize_empty
ffe021ae T cbmem_initialize_id_size
ffe02217 T cbmem_initialize
ffe02229 T cbmem_recovery
ffe02246 T cbmem_find
ffe0227d t cbfs_load_ramstage
ffe0228f W stage_cache_add
ffe02290 W stage_cache_load_stage
ffe02291 W ramstage_cache_invalid
ffe02292 T run_ramstage
ffe023ac T ulzma
ffe02493 T LzmaDecodeProperties
ffe024de T LzmaDecode
ffe0320b T memcmp
ffe03235 W arch_segment_loaded
ffe03236 W platform_prog_run
ffe03237 T prog_run
ffe033c0 t bases
ffe03808 T cbfs_ramstage_loader
ffe03920 T coreboot_build
ffe03940 T coreboot_extra_version
ffe03944 T coreboot_version
ffe03970 T _car_migrate_start
ffe03970 t cbmemc_reinit_ptr
ffe03978 T _car_migrate_end
ffe03980 T _erom
